// Jest Snapshot v1, https://goo.gl/fbAQLP

exports[`matches snapshot 1`] = `
<DocumentFragment>
  <div>
    <div
      class="home pt-5"
    >
      <div
        class="jumbotron text-center"
      >
        <h1
          class="display-5"
        >
          Welcome, Visitor!
        </h1>
        <p
          class="lead mt-3"
        >
          This website is designed for planning your trips conveniently.
        </p>
        <hr
          class="my-4"
        />
        <p
          class="lead font-weight-bold text-success"
        >
          Here is what this App can do:
        </p>
        <div
          class="home-list"
        >
          <ul
            class="text-left mx-auto"
          >
            <li>
              <i
                class="far fa-clipboard mr-2"
              />
              Create your trip plans
            </li>
            <li>
              <i
                class="fab fa-telegram-plane mr-2"
              />
              Add activities to your trip
            </li>
            <li>
              <i
                class="fas fa-map-marker-alt mr-2"
              />
              Markers on real map for easy reference
            </li>
            <li>
              <i
                class="fas fa-book mr-2"
              />
              View your saved trips
            </li>
          </ul>
        </div>
        <button
          class="btn btn-success btn-lg mt-3 mr-5"
        >
          Sign Up
        </button>
        <button
          class="btn btn-outline-primary btn-lg mt-3"
        >
          Try As Guest
        </button>
      </div>
    </div>
  </div>
</DocumentFragment>
`;
