// Jest Snapshot v1, https://goo.gl/fbAQLP

exports[`matches snapshot 1`] = `
<DocumentFragment>
  <div
    class="container"
  >
    <h2
      class="mt-5 mb-4 text-center"
    >
      Sign Up
    </h2>
    <div
      class="row d-flex justify-content-center"
    >
      <div
        class="col-md-6"
      >
        <form>
          <div
            class="form-group"
          >
            <label
              class="mr-2"
              for="username"
            >
              Username:
            </label>
            <input
              class="form-control"
              id="username"
              name="username"
              placeholder="<25 characters"
              required=""
              type="text"
              value=""
            />
          </div>
          <div
            class="form-group"
          >
            <label
              class="mr-2"
              for="password"
            >
              Password:
            </label>
            <input
              class="form-control"
              id="password"
              name="password"
              placeholder="6-20 characters"
              required=""
              type="password"
              value=""
            />
          </div>
          <div
            class="form-group"
          >
            <label
              class="mr-2"
              for="firstname"
            >
              First Name:
            </label>
            <input
              class="form-control"
              id="firstname"
              name="firstName"
              required=""
              type="text"
              value=""
            />
          </div>
          <div
            class="form-group"
          >
            <label
              class="mr-2"
              for="lastName"
            >
              Last Name:
            </label>
            <input
              class="form-control"
              id="lastname"
              name="lastName"
              required=""
              type="text"
              value=""
            />
          </div>
          <div
            class="form-group"
          >
            <label
              class="mr-2"
              for="email"
            >
              Email:
            </label>
            <input
              class="form-control"
              id="email"
              name="email"
              required=""
              type="text"
              value=""
            />
          </div>
          <div
            class="text-center"
          >
            <button
              class="btn btn-success mb-5"
              type="submit"
            >
              Sign Up
            </button>
          </div>
        </form>
      </div>
    </div>
  </div>
</DocumentFragment>
`;
